Terminal 1 :::

root@protostar:/opt/protostar/bin# ./net1
root@protostar:/opt/protostar/bin# strace ./net1
execve("./net1", ["./net1"], [/* 15 vars */]) = 0
brk(0)                                  = 0x804b000
access("/etc/ld.so.nohwcap", F_OK)      = -1 ENOENT (No such file or directory)
mmap2(NULL, 8192, PROT_READ|PROT_WRITE, MAP_PRIVATE|MAP_ANONYMOUS, -1, 0) = 0xb7fe0000
access("/etc/ld.so.preload", R_OK)      = -1 ENOENT (No such file or directory)
open("/etc/ld.so.cache", O_RDONLY)      = 3
fstat64(3, {st_mode=S_IFREG|0644, st_size=13796, ...}) = 0
mmap2(NULL, 13796, PROT_READ, MAP_PRIVATE, 3, 0) = 0xb7fdc000
close(3)                                = 0
access("/etc/ld.so.nohwcap", F_OK)      = -1 ENOENT (No such file or directory)
open("/lib/libc.so.6", O_RDONLY)        = 3
read(3, "\177ELF\1\1\1\0\0\0\0\0\0\0\0\0\3\0\3\0\1\0\0\0\320m\1\0004\0\0\0"..., 512) = 512
fstat64(3, {st_mode=S_IFREG|0755, st_size=1319176, ...}) = 0
mmap2(NULL, 1329480, PROT_READ|PROT_EXEC, MAP_PRIVATE|MAP_DENYWRITE, 3, 0) = 0xb7e97000
mprotect(0xb7fd5000, 4096, PROT_NONE)   = 0
mmap2(0xb7fd6000, 12288, PROT_READ|PROT_WRITE, MAP_PRIVATE|MAP_FIXED|MAP_DENYWRITE, 3, 0x13e) = 0xb7fd6000
mmap2(0xb7fd9000, 10568, PROT_READ|PROT_WRITE, MAP_PRIVATE|MAP_FIXED|MAP_ANONYMOUS, -1, 0) = 0xb7fd9000
close(3)                                = 0
mmap2(NULL, 4096, PROT_READ|PROT_WRITE, MAP_PRIVATE|MAP_ANONYMOUS, -1, 0) = 0xb7e96000
set_thread_area({entry_number:-1 -> 6, base_addr:0xb7e966c0, limit:1048575, seg_32bit:1, contents:0, read_exec_only:0, limit_in_pages:1, seg_not_present:0, useable:1}) = 0
mprotect(0xb7fd6000, 8192, PROT_READ)   = 0
mprotect(0xb7ffe000, 4096, PROT_READ)   = 0
munmap(0xb7fdc000, 13796)               = 0
rt_sigaction(SIGCHLD, {0x8048e24, [CHLD], SA_RESTART}, {SIG_DFL, [], 0}, 8) = 0
rt_sigaction(SIGPIPE, {SIG_IGN, [PIPE], SA_RESTART}, {SIG_DFL, [], 0}, 8) = 0
open("/opt/protostar/run/net1.pid", O_RDWR|O_CREAT|O_TRUNC, 0700) = 3
setgroups32(1, [998])                   = 0
setresgid32(998, 998, 998)              = 0
setresuid32(998, 998, 998)              = 0
clone(child_stack=0, flags=CLONE_CHILD_CLEARTID|CLONE_CHILD_SETTID|SIGCHLD, child_tidptr=0xb7e96728) = 1627
exit_group(0)                           = ?
root@protostar:/opt/protostar/bin# strace -f./net1
strace: invalid option -- '.'
usage: strace [-dffhiqrtttTvVxx] [-a column] [-e expr] ... [-o file]
              [-p pid] ... [-s strsize] [-u username] [-E var=val] ...
              [command [arg ...]]
   or: strace -c -D [-e expr] ... [-O overhead] [-S sortby] [-E var=val] ...
              [command [arg ...]]
-c -- count time, calls, and errors for each syscall and report summary
-f -- follow forks, -ff -- with output into separate files
-F -- attempt to follow vforks, -h -- print help message
-i -- print instruction pointer at time of syscall
-q -- suppress messages about attaching, detaching, etc.
-r -- print relative timestamp, -t -- absolute timestamp, -tt -- with usecs
-T -- print time spent in each syscall, -V -- print version
-v -- verbose mode: print unabbreviated argv, stat, termio[s], etc. args
-x -- print non-ascii strings in hex, -xx -- print all strings in hex
-a column -- alignment COLUMN for printing syscall results (default 40)
-e expr -- a qualifying expression: option=[!]all or option=[!]val1[,val2]...
   options: trace, abbrev, verbose, raw, signal, read, or write
-o file -- send trace output to FILE instead of stderr
-O overhead -- set overhead for tracing syscalls to OVERHEAD usecs
-p pid -- trace process with process id PID, may be repeated
-D -- run tracer process as a detached grandchild, not as parent
-s strsize -- limit length of print strings to STRSIZE chars (default 32)
-S sortby -- sort syscall counts by: time, calls, name, nothing (default time)
-u username -- run command as username handling setuid and/or setgid
-E var=val -- put var=val in the environment for command
-E var -- remove var from the environment for command
root@protostar:/opt/protostar/bin# strace -f ./net1
execve("./net1", ["./net1"], [/* 15 vars */]) = 0
brk(0)                                  = 0x804b000
access("/etc/ld.so.nohwcap", F_OK)      = -1 ENOENT (No such file or directory)
mmap2(NULL, 8192, PROT_READ|PROT_WRITE, MAP_PRIVATE|MAP_ANONYMOUS, -1, 0) = 0xb7fe0000
access("/etc/ld.so.preload", R_OK)      = -1 ENOENT (No such file or directory)
open("/etc/ld.so.cache", O_RDONLY)      = 3
fstat64(3, {st_mode=S_IFREG|0644, st_size=13796, ...}) = 0
mmap2(NULL, 13796, PROT_READ, MAP_PRIVATE, 3, 0) = 0xb7fdc000
close(3)                                = 0
access("/etc/ld.so.nohwcap", F_OK)      = -1 ENOENT (No such file or directory)
open("/lib/libc.so.6", O_RDONLY)        = 3
read(3, "\177ELF\1\1\1\0\0\0\0\0\0\0\0\0\3\0\3\0\1\0\0\0\320m\1\0004\0\0\0"..., 512) = 512
fstat64(3, {st_mode=S_IFREG|0755, st_size=1319176, ...}) = 0
mmap2(NULL, 1329480, PROT_READ|PROT_EXEC, MAP_PRIVATE|MAP_DENYWRITE, 3, 0) = 0xb7e97000
mprotect(0xb7fd5000, 4096, PROT_NONE)   = 0
mmap2(0xb7fd6000, 12288, PROT_READ|PROT_WRITE, MAP_PRIVATE|MAP_FIXED|MAP_DENYWRITE, 3, 0x13e) = 0xb7fd6000
mmap2(0xb7fd9000, 10568, PROT_READ|PROT_WRITE, MAP_PRIVATE|MAP_FIXED|MAP_ANONYMOUS, -1, 0) = 0xb7fd9000
close(3)                                = 0
mmap2(NULL, 4096, PROT_READ|PROT_WRITE, MAP_PRIVATE|MAP_ANONYMOUS, -1, 0) = 0xb7e96000
set_thread_area({entry_number:-1 -> 6, base_addr:0xb7e966c0, limit:1048575, seg_32bit:1, contents:0, read_exec_only:0, limit_in_pages:1, seg_not_present:0, useable:1}) = 0
mprotect(0xb7fd6000, 8192, PROT_READ)   = 0
mprotect(0xb7ffe000, 4096, PROT_READ)   = 0
munmap(0xb7fdc000, 13796)               = 0
rt_sigaction(SIGCHLD, {0x8048e24, [CHLD], SA_RESTART}, {SIG_DFL, [], 0}, 8) = 0
rt_sigaction(SIGPIPE, {SIG_IGN, [PIPE], SA_RESTART}, {SIG_DFL, [], 0}, 8) = 0
open("/opt/protostar/run/net1.pid", O_RDWR|O_CREAT|O_TRUNC, 0700) = 3
setgroups32(1, [998])                   = 0
setresgid32(998, 998, 998)              = 0
setresuid32(998, 998, 998)              = 0
clone(Process 1631 attached
child_stack=0, flags=CLONE_CHILD_CLEARTID|CLONE_CHILD_SETTID|SIGCHLD, child_tidptr=0xb7e96728) = 1631
[pid  1630] exit_group(0)               = ?
setsid()                                = 1631
chdir("/")                              = 0
open("/dev/null", O_RDWR)               = 4
fstat64(4, {st_mode=S_IFCHR|0666, st_rdev=makedev(1, 3), ...}) = 0
dup2(4, 0)                              = 0
dup2(4, 1)                              = 1
dup2(4, 2)                              = 2
close(4)                                = 0
write(3, "1631\n", 5)                   = 5
close(3)                                = 0
socket(PF_INET, SOCK_STREAM, IPPROTO_IP) = 3
setsockopt(3, SOL_SOCKET, SO_REUSEADDR, [1], 4) = 0
bind(3, {sa_family=AF_INET, sin_port=htons(2998), sin_addr=inet_addr("0.0.0.0")}, 16) = -1 EADDRINUSE (Address already in use)
write(2, "serve_forever: unable to bind():"..., 56) = 56
exit_group(6)                           = ?
Process 1631 detached
root@protostar:/opt/protostar/bin# killall net1
root@protostar:/opt/protostar/bin# strace -f ./net1
execve("./net1", ["./net1"], [/* 15 vars */]) = 0
brk(0)                                  = 0x804b000
access("/etc/ld.so.nohwcap", F_OK)      = -1 ENOENT (No such file or directory)
mmap2(NULL, 8192, PROT_READ|PROT_WRITE, MAP_PRIVATE|MAP_ANONYMOUS, -1, 0) = 0xb7fe0000
access("/etc/ld.so.preload", R_OK)      = -1 ENOENT (No such file or directory)
open("/etc/ld.so.cache", O_RDONLY)      = 3
fstat64(3, {st_mode=S_IFREG|0644, st_size=13796, ...}) = 0
mmap2(NULL, 13796, PROT_READ, MAP_PRIVATE, 3, 0) = 0xb7fdc000
close(3)                                = 0
access("/etc/ld.so.nohwcap", F_OK)      = -1 ENOENT (No such file or directory)
open("/lib/libc.so.6", O_RDONLY)        = 3
read(3, "\177ELF\1\1\1\0\0\0\0\0\0\0\0\0\3\0\3\0\1\0\0\0\320m\1\0004\0\0\0"..., 512) = 512
fstat64(3, {st_mode=S_IFREG|0755, st_size=1319176, ...}) = 0
mmap2(NULL, 1329480, PROT_READ|PROT_EXEC, MAP_PRIVATE|MAP_DENYWRITE, 3, 0) = 0xb7e97000
mprotect(0xb7fd5000, 4096, PROT_NONE)   = 0
mmap2(0xb7fd6000, 12288, PROT_READ|PROT_WRITE, MAP_PRIVATE|MAP_FIXED|MAP_DENYWRITE, 3, 0x13e) = 0xb7fd6000
mmap2(0xb7fd9000, 10568, PROT_READ|PROT_WRITE, MAP_PRIVATE|MAP_FIXED|MAP_ANONYMOUS, -1, 0) = 0xb7fd9000
close(3)                                = 0
mmap2(NULL, 4096, PROT_READ|PROT_WRITE, MAP_PRIVATE|MAP_ANONYMOUS, -1, 0) = 0xb7e96000
set_thread_area({entry_number:-1 -> 6, base_addr:0xb7e966c0, limit:1048575, seg_32bit:1, contents:0, read_exec_only:0, limit_in_pages:1, seg_not_present:0, useable:1}) = 0
mprotect(0xb7fd6000, 8192, PROT_READ)   = 0
mprotect(0xb7ffe000, 4096, PROT_READ)   = 0
munmap(0xb7fdc000, 13796)               = 0
rt_sigaction(SIGCHLD, {0x8048e24, [CHLD], SA_RESTART}, {SIG_DFL, [], 0}, 8) = 0
rt_sigaction(SIGPIPE, {SIG_IGN, [PIPE], SA_RESTART}, {SIG_DFL, [], 0}, 8) = 0
open("/opt/protostar/run/net1.pid", O_RDWR|O_CREAT|O_TRUNC, 0700) = 3
setgroups32(1, [998])                   = 0
setresgid32(998, 998, 998)              = 0
setresuid32(998, 998, 998)              = 0
clone(Process 1635 attached
child_stack=0, flags=CLONE_CHILD_CLEARTID|CLONE_CHILD_SETTID|SIGCHLD, child_tidptr=0xb7e96728) = 1635
[pid  1634] exit_group(0)               = ?
setsid()                                = 1635
chdir("/")                              = 0
open("/dev/null", O_RDWR)               = 4
fstat64(4, {st_mode=S_IFCHR|0666, st_rdev=makedev(1, 3), ...}) = 0
dup2(4, 0)                              = 0
dup2(4, 1)                              = 1
dup2(4, 2)                              = 2
close(4)                                = 0
write(3, "1635\n", 5)                   = 5
close(3)                                = 0
socket(PF_INET, SOCK_STREAM, IPPROTO_IP) = 3
setsockopt(3, SOL_SOCKET, SO_REUSEADDR, [1], 4) = 0
bind(3, {sa_family=AF_INET, sin_port=htons(2998), sin_addr=inet_addr("0.0.0.0")}, 16) = 0
listen(3, 10)                           = 0
accept(3, {sa_family=AF_INET, sin_port=htons(56180), sin_addr=inet_addr("127.0.0.1")}, [16]) = 4
clone(Process 1639 attached
child_stack=0, flags=CLONE_CHILD_CLEARTID|CLONE_CHILD_SETTID|SIGCHLD, child_tidptr=0xb7e96728) = 1639
[pid  1635] close(4)                    = 0
[pid  1635] accept(3,  <unfinished ...>
[pid  1639] close(3)                    = 0
[pid  1639] dup2(4, 0)                  = 0
[pid  1639] dup2(4, 1)                  = 1
[pid  1639] dup2(4, 2)                  = 2
[pid  1639] time(NULL)                  = 1589214480
[pid  1639] write(0, "\366\372Ow", 4)   = 4
[pid  1639] read(0, "d", 1)             = 1
[pid  1639] read(0, "s", 1)             = 1
[pid  1639] read(0, "d", 1)             = 1
[pid  1639] read(0, "\n", 1)            = 1
[pid  1639] write(1, "you didn't send the data properl"..., 33) = 33
[pid  1639] write(1, "\n", 1)           = 1
[pid  1639] exit_group(34)              = ?
Process 1639 detached
<... accept resumed> 0xbffff7a8, [16])  = ? ERESTARTSYS (To be restarted)
--- SIGCHLD (Child exited) @ 0 (0) ---
wait4(-1, [{WIFEXITED(s) && WEXITSTATUS(s) == 34}], 0, NULL) = 1639
sigreturn()                             = ? (mask now [])
accept(3, {sa_family=AF_INET, sin_port=htons(56181), sin_addr=inet_addr("127.0.0.1")}, [16]) = 4
clone(Process 1645 attached
child_stack=0, flags=CLONE_CHILD_CLEARTID|CLONE_CHILD_SETTID|SIGCHLD, child_tidptr=0xb7e96728) = 1645
[pid  1635] close(4)                    = 0
[pid  1635] accept(3,  <unfinished ...>
[pid  1645] close(3)                    = 0
[pid  1645] dup2(4, 0)                  = 0
[pid  1645] dup2(4, 1)                  = 1
[pid  1645] dup2(4, 2)                  = 2
[pid  1645] time(NULL)                  = 1589214695
[pid  1645] write(0, "\217!\350}", 4)   = 4
[pid  1645] read(0, "\n", 1)            = 1
[pid  1645] write(1, "you didn't send the data properl"..., 33) = 33
[pid  1645] write(1, "\n", 1)           = 1
[pid  1645] exit_group(34)              = ?
Process 1645 detached
<... accept resumed> 0xbffff7a8, [16])  = ? ERESTARTSYS (To be restarted)
--- SIGCHLD (Child exited) @ 0 (0) ---
wait4(-1, [{WIFEXITED(s) && WEXITSTATUS(s) == 34}], 0, NULL) = 1645
sigreturn()                             = ? (mask now [])
accept(3, {sa_family=AF_INET, sin_port=htons(56182), sin_addr=inet_addr("127.0.0.1")}, [16]) = 4
clone(Process 1660 attached
child_stack=0, flags=CLONE_CHILD_CLEARTID|CLONE_CHILD_SETTID|SIGCHLD, child_tidptr=0xb7e96728) = 1660
[pid  1635] close(4)                    = 0
[pid  1635] accept(3,  <unfinished ...>
[pid  1660] close(3)                    = 0
[pid  1660] dup2(4, 0)                  = 0
[pid  1660] dup2(4, 1)                  = 1
[pid  1660] dup2(4, 2)                  = 2
[pid  1660] time(NULL)                  = 1589215107
[pid  1660] write(0, "\3227R\21", 4)    = 4
[pid  1660] read(0, "\n", 1)            = 1
[pid  1660] write(1, "you didn't send the data properl"..., 33) = 33
[pid  1660] write(1, "\n", 1)           = 1
[pid  1660] exit_group(34)              = ?
Process 1660 detached
<... accept resumed> 0xbffff7a8, [16])  = ? ERESTARTSYS (To be restarted)
--- SIGCHLD (Child exited) @ 0 (0) ---
wait4(-1, [{WIFEXITED(s) && WEXITSTATUS(s) == 34}], 0, NULL) = 1660
sigreturn()                             = ? (mask now [])
accept(3, {sa_family=AF_INET, sin_port=htons(56183), sin_addr=inet_addr("127.0.0.1")}, [16]) = 4
clone(Process 1662 attached
child_stack=0, flags=CLONE_CHILD_CLEARTID|CLONE_CHILD_SETTID|SIGCHLD, child_tidptr=0xb7e96728) = 1662
[pid  1635] close(4)                    = 0
[pid  1635] accept(3,  <unfinished ...>
[pid  1662] close(3)                    = 0
[pid  1662] dup2(4, 0)                  = 0
[pid  1662] dup2(4, 1)                  = 1
[pid  1662] dup2(4, 2)                  = 2
[pid  1662] time(NULL)                  = 1589215123
[pid  1662] write(0, "x/8o", 4)         = 4
[pid  1662] read(0, "", 1)              = 0
[pid  1662] write(2, "net1: ", 6)       = 6
[pid  1662] write(2, ":(\n", 3)         = -1 EPIPE (Broken pipe)
[pid  1662] --- SIGPIPE (Broken pipe) @ 0 (0) ---
[pid  1662] write(2, "\n", 1)           = -1 EPIPE (Broken pipe)
[pid  1662] --- SIGPIPE (Broken pipe) @ 0 (0) ---
[pid  1662] exit_group(1)               = ?
Process 1662 detached
<... accept resumed> 0xbffff7a8, [16])  = ? ERESTARTSYS (To be restarted)
--- SIGCHLD (Child exited) @ 0 (0) ---
wait4(-1, [{WIFEXITED(s) && WEXITSTATUS(s) == 1}], 0, NULL) = 1662
sigreturn()                             = ? (mask now [])
accept(3, {sa_family=AF_INET, sin_port=htons(56184), sin_addr=inet_addr("127.0.0.1")}, [16]) = 4
clone(Process 1664 attached
child_stack=0, flags=CLONE_CHILD_CLEARTID|CLONE_CHILD_SETTID|SIGCHLD, child_tidptr=0xb7e96728) = 1664
[pid  1635] close(4)                    = 0
[pid  1635] accept(3,  <unfinished ...>
[pid  1664] close(3)                    = 0
[pid  1664] dup2(4, 0)                  = 0
[pid  1664] dup2(4, 1)                  = 1
[pid  1664] dup2(4, 2)                  = 2
[pid  1664] time(NULL)                  = 1589215126
[pid  1664] write(0, "\207\360\0059", 4) = 4
[pid  1664] read(0, "", 1)              = 0
[pid  1664] write(2, "net1: ", 6)       = 6
[pid  1664] write(2, ":(\n", 3)         = -1 EPIPE (Broken pipe)
[pid  1664] --- SIGPIPE (Broken pipe) @ 0 (0) ---
[pid  1664] write(2, "\n", 1)           = -1 EPIPE (Broken pipe)
[pid  1664] --- SIGPIPE (Broken pipe) @ 0 (0) ---
[pid  1664] exit_group(1)               = ?
Process 1664 detached
<... accept resumed> 0xbffff7a8, [16])  = ? ERESTARTSYS (To be restarted)
--- SIGCHLD (Child exited) @ 0 (0) ---
wait4(-1, [{WIFEXITED(s) && WEXITSTATUS(s) == 1}], 0, NULL) = 1664
sigreturn()                             = ? (mask now [])
accept(3, {sa_family=AF_INET, sin_port=htons(56185), sin_addr=inet_addr("127.0.0.1")}, [16]) = 4
clone(Process 1666 attached
child_stack=0, flags=CLONE_CHILD_CLEARTID|CLONE_CHILD_SETTID|SIGCHLD, child_tidptr=0xb7e96728) = 1666
[pid  1635] close(4)                    = 0
[pid  1635] accept(3,  <unfinished ...>
[pid  1666] close(3)                    = 0
[pid  1666] dup2(4, 0)                  = 0
[pid  1666] dup2(4, 1)                  = 1
[pid  1666] dup2(4, 2)                  = 2
[pid  1666] time(NULL)                  = 1589215128
[pid  1666] write(0, "\221\234\256T", 4) = 4
[pid  1666] read(0, "", 1)              = 0
[pid  1666] write(2, "net1: ", 6)       = 6
[pid  1666] write(2, ":(\n", 3)         = -1 EPIPE (Broken pipe)
[pid  1666] --- SIGPIPE (Broken pipe) @ 0 (0) ---
[pid  1666] write(2, "\n", 1)           = -1 EPIPE (Broken pipe)
[pid  1666] --- SIGPIPE (Broken pipe) @ 0 (0) ---
[pid  1666] exit_group(1)               = ?
Process 1666 detached
<... accept resumed> 0xbffff7a8, [16])  = ? ERESTARTSYS (To be restarted)
--- SIGCHLD (Child exited) @ 0 (0) ---
wait4(-1, [{WIFEXITED(s) && WEXITSTATUS(s) == 1}], 0, NULL) = 1666
sigreturn()                             = ? (mask now [])
accept(3, {sa_family=AF_INET, sin_port=htons(56186), sin_addr=inet_addr("127.0.0.1")}, [16]) = 4
clone(Process 1668 attached
child_stack=0, flags=CLONE_CHILD_CLEARTID|CLONE_CHILD_SETTID|SIGCHLD, child_tidptr=0xb7e96728) = 1668
[pid  1635] close(4)                    = 0
[pid  1635] accept(3,  <unfinished ...>
[pid  1668] close(3)                    = 0
[pid  1668] dup2(4, 0)                  = 0
[pid  1668] dup2(4, 1)                  = 1
[pid  1668] dup2(4, 2)                  = 2
[pid  1668] time(NULL)                  = 1589215130
[pid  1668] write(0, "\237R\242p", 4)   = 4
[pid  1668] read(0, "", 1)              = 0
[pid  1668] write(2, "net1: ", 6)       = 6
[pid  1668] write(2, ":(\n", 3)         = -1 EPIPE (Broken pipe)
[pid  1668] --- SIGPIPE (Broken pipe) @ 0 (0) ---
[pid  1668] write(2, "\n", 1)           = -1 EPIPE (Broken pipe)
[pid  1668] --- SIGPIPE (Broken pipe) @ 0 (0) ---
[pid  1668] exit_group(1)               = ?
Process 1668 detached
<... accept resumed> 0xbffff7a8, [16])  = ? ERESTARTSYS (To be restarted)
--- SIGCHLD (Child exited) @ 0 (0) ---
wait4(-1, [{WIFEXITED(s) && WEXITSTATUS(s) == 1}], 0, NULL) = 1668
sigreturn()                             = ? (mask now [])
accept(3, {sa_family=AF_INET, sin_port=htons(56187), sin_addr=inet_addr("127.0.0.1")}, [16]) = 4
clone(Process 1679 attached
child_stack=0, flags=CLONE_CHILD_CLEARTID|CLONE_CHILD_SETTID|SIGCHLD, child_tidptr=0xb7e96728) = 1679
[pid  1635] close(4)                    = 0
[pid  1635] accept(3,  <unfinished ...>
[pid  1679] close(3)                    = 0
[pid  1679] dup2(4, 0)                  = 0
[pid  1679] dup2(4, 1)                  = 1
[pid  1679] dup2(4, 2)                  = 2
[pid  1679] time(NULL)                  = 1589215394
[pid  1679] write(0, "zN\322>", 4)      = 4
[pid  1679] read(0, "1", 1)             = 1
[pid  1679] read(0, "0", 1)             = 1
[pid  1679] read(0, "5", 1)             = 1
[pid  1679] read(0, "3", 1)             = 1
[pid  1679] read(0, "9", 1)             = 1
[pid  1679] read(0, "7", 1)             = 1
[pid  1679] read(0, "0", 1)             = 1
[pid  1679] read(0, "0", 1)             = 1
[pid  1679] read(0, "4", 1)             = 1
[pid  1679] read(0, "2", 1)             = 1
[pid  1679] write(1, "you correctly sent the data", 27) = 27
[pid  1679] write(1, "\n", 1)           = -1 EPIPE (Broken pipe)
[pid  1679] --- SIGPIPE (Broken pipe) @ 0 (0) ---
[pid  1679] exit_group(-1)              = ?
Process 1679 detached
<... accept resumed> 0xbffff7a8, [16])  = ? ERESTARTSYS (To be restarted)
--- SIGCHLD (Child exited) @ 0 (0) ---
wait4(-1, [{WIFEXITED(s) && WEXITSTATUS(s) == 255}], 0, NULL) = 1679
sigreturn()                             = ? (mask now [])
accept(3, {sa_family=AF_INET, sin_port=htons(56188), sin_addr=inet_addr("127.0.0.1")}, [16]) = 4
clone(Process 1681 attached
child_stack=0, flags=CLONE_CHILD_CLEARTID|CLONE_CHILD_SETTID|SIGCHLD, child_tidptr=0xb7e96728) = 1681
[pid  1635] close(4)                    = 0
[pid  1635] accept(3,  <unfinished ...>
[pid  1681] close(3)                    = 0
[pid  1681] dup2(4, 0)                  = 0
[pid  1681] dup2(4, 1)                  = 1
[pid  1681] dup2(4, 2)                  = 2
[pid  1681] time(NULL)                  = 1589215410
[pid  1681] write(0, "\375\213\262\\", 4) = 4
[pid  1681] read(0, "1", 1)             = 1
[pid  1681] read(0, "5", 1)             = 1
[pid  1681] read(0, "5", 1)             = 1
[pid  1681] read(0, "5", 1)             = 1
[pid  1681] read(0, "2", 1)             = 1
[pid  1681] read(0, "0", 1)             = 1
[pid  1681] read(0, "5", 1)             = 1
[pid  1681] read(0, "1", 1)             = 1
[pid  1681] read(0, "1", 1)             = 1
[pid  1681] read(0, "7", 1)             = 1
[pid  1681] write(1, "you correctly sent the data", 27) = 27
[pid  1681] write(1, "\n", 1)           = -1 EPIPE (Broken pipe)
[pid  1681] --- SIGPIPE (Broken pipe) @ 0 (0) ---
[pid  1681] exit_group(-1)              = ?
Process 1681 detached
<... accept resumed> 0xbffff7a8, [16])  = ? ERESTARTSYS (To be restarted)
--- SIGCHLD (Child exited) @ 0 (0) ---
wait4(-1, [{WIFEXITED(s) && WEXITSTATUS(s) == 255}], 0, NULL) = 1681
sigreturn()                             = ? (mask now [])
accept(3, {sa_family=AF_INET, sin_port=htons(56189), sin_addr=inet_addr("127.0.0.1")}, [16]) = 4
clone(Process 1683 attached
child_stack=0, flags=CLONE_CHILD_CLEARTID|CLONE_CHILD_SETTID|SIGCHLD, child_tidptr=0xb7e96728) = 1683
[pid  1635] close(4)                    = 0
[pid  1635] accept(3,  <unfinished ...>
[pid  1683] close(3)                    = 0
[pid  1683] dup2(4, 0)                  = 0
[pid  1683] dup2(4, 1)                  = 1
[pid  1683] dup2(4, 2)                  = 2
[pid  1683] time(NULL)                  = 1589215411
[pid  1683] write(0, "\301\1\276J", 4)  = 4
[pid  1683] read(0, "1", 1)             = 1
[pid  1683] read(0, "2", 1)             = 1
[pid  1683] read(0, "5", 1)             = 1
[pid  1683] read(0, "3", 1)             = 1
[pid  1683] read(0, "9", 1)             = 1
[pid  1683] read(0, "6", 1)             = 1
[pid  1683] read(0, "6", 1)             = 1
[pid  1683] read(0, "2", 1)             = 1
[pid  1683] read(0, "7", 1)             = 1
[pid  1683] read(0, "3", 1)             = 1
[pid  1683] write(1, "you correctly sent the data", 27) = 27
[pid  1683] write(1, "\n", 1)           = -1 EPIPE (Broken pipe)
[pid  1683] --- SIGPIPE (Broken pipe) @ 0 (0) ---
[pid  1683] exit_group(-1)              = ?
Process 1683 detached
<... accept resumed> 0xbffff7a8, [16])  = ? ERESTARTSYS (To be restarted)
--- SIGCHLD (Child exited) @ 0 (0) ---
wait4(-1, [{WIFEXITED(s) && WEXITSTATUS(s) == 255}], 0, NULL) = 1683
sigreturn()                             = ? (mask now [])
accept(3, {sa_family=AF_INET, sin_port=htons(56190), sin_addr=inet_addr("127.0.0.1")}, [16]) = 4
clone(Process 1685 attached
child_stack=0, flags=CLONE_CHILD_CLEARTID|CLONE_CHILD_SETTID|SIGCHLD, child_tidptr=0xb7e96728) = 1685
[pid  1635] close(4)                    = 0
[pid  1635] accept(3,  <unfinished ...>
[pid  1685] close(3)                    = 0
[pid  1685] dup2(4, 0)                  = 0
[pid  1685] dup2(4, 1)                  = 1
[pid  1685] dup2(4, 2)                  = 2
[pid  1685] time(NULL)                  = 1589215412
[pid  1685] write(0, "V\245\2308", 4)   = 4
[pid  1685] read(0, "9", 1)             = 1
[pid  1685] read(0, "4", 1)             = 1
[pid  1685] read(0, "9", 1)             = 1
[pid  1685] read(0, "5", 1)             = 1
[pid  1685] read(0, "2", 1)             = 1
[pid  1685] read(0, "7", 1)             = 1
[pid  1685] read(0, "8", 1)             = 1
[pid  1685] read(0, "9", 1)             = 1
[pid  1685] read(0, "4", 1)             = 1
[pid  1685] read(0, "", 1)              = 0
[pid  1685] write(1, "you correctly sent the data", 27) = 27
[pid  1685] write(1, "\n", 1)           = -1 EPIPE (Broken pipe)
[pid  1685] --- SIGPIPE (Broken pipe) @ 0 (0) ---
[pid  1685] exit_group(-1)              = ?
Process 1685 detached
<... accept resumed> 0xbffff7a8, [16])  = ? ERESTARTSYS (To be restarted)
--- SIGCHLD (Child exited) @ 0 (0) ---
wait4(-1, [{WIFEXITED(s) && WEXITSTATUS(s) == 255}], 0, NULL) = 1685
sigreturn()                             = ? (mask now [])
accept(3, {sa_family=AF_INET, sin_port=htons(56191), sin_addr=inet_addr("127.0.0.1")}, [16]) = 4
clone(Process 1687 attached
child_stack=0, flags=CLONE_CHILD_CLEARTID|CLONE_CHILD_SETTID|SIGCHLD, child_tidptr=0xb7e96728) = 1687
[pid  1635] close(4)                    = 0
[pid  1635] accept(3,  <unfinished ...>
[pid  1687] close(3)                    = 0
[pid  1687] dup2(4, 0)                  = 0
[pid  1687] dup2(4, 1)                  = 1
[pid  1687] dup2(4, 2)                  = 2
[pid  1687] time(NULL)                  = 1589215413
[pid  1687] write(0, "\215\246\205&", 4) = 4
[pid  1687] read(0, "6", 1)             = 1
[pid  1687] read(0, "4", 1)             = 1
[pid  1687] read(0, "6", 1)             = 1
[pid  1687] read(0, "2", 1)             = 1
[pid  1687] read(0, "9", 1)             = 1
[pid  1687] read(0, "3", 1)             = 1
[pid  1687] read(0, "1", 1)             = 1
[pid  1687] read(0, "3", 1)             = 1
[pid  1687] read(0, "3", 1)             = 1
[pid  1687] read(0, "", 1)              = 0
[pid  1687] write(1, "you correctly sent the data", 27) = 27
[pid  1687] write(1, "\n", 1)           = -1 EPIPE (Broken pipe)
[pid  1687] --- SIGPIPE (Broken pipe) @ 0 (0) ---
[pid  1687] exit_group(-1)              = ?
Process 1687 detached
<... accept resumed> 0xbffff7a8, [16])  = ? ERESTARTSYS (To be restarted)
--- SIGCHLD (Child exited) @ 0 (0) ---
wait4(-1, [{WIFEXITED(s) && WEXITSTATUS(s) == 255}], 0, NULL) = 1687
sigreturn()                             = ? (mask now [])
accept(3, {sa_family=AF_INET, sin_port=htons(56192), sin_addr=inet_addr("127.0.0.1")}, [16]) = 4
clone(Process 1689 attached
child_stack=0, flags=CLONE_CHILD_CLEARTID|CLONE_CHILD_SETTID|SIGCHLD, child_tidptr=0xb7e96728) = 1689
[pid  1635] close(4)                    = 0
[pid  1635] accept(3,  <unfinished ...>
[pid  1689] close(3)                    = 0
[pid  1689] dup2(4, 0)                  = 0
[pid  1689] dup2(4, 1)                  = 1
[pid  1689] dup2(4, 2)                  = 2
[pid  1689] time(NULL)                  = 1589215413
[pid  1689] write(0, "\215\246\205&", 4) = 4
[pid  1689] read(0, "6", 1)             = 1
[pid  1689] read(0, "4", 1)             = 1
[pid  1689] read(0, "6", 1)             = 1
[pid  1689] read(0, "2", 1)             = 1
[pid  1689] read(0, "9", 1)             = 1
[pid  1689] read(0, "3", 1)             = 1
[pid  1689] read(0, "1", 1)             = 1
[pid  1689] read(0, "3", 1)             = 1
[pid  1689] read(0, "3", 1)             = 1
[pid  1689] read(0, "", 1)              = 0
[pid  1689] write(1, "you correctly sent the data", 27) = 27
[pid  1689] write(1, "\n", 1)           = -1 EPIPE (Broken pipe)
[pid  1689] --- SIGPIPE (Broken pipe) @ 0 (0) ---
[pid  1689] exit_group(-1)              = ?
Process 1689 detached
<... accept resumed> 0xbffff7a8, [16])  = ? ERESTARTSYS (To be restarted)
--- SIGCHLD (Child exited) @ 0 (0) ---
wait4(-1, [{WIFEXITED(s) && WEXITSTATUS(s) == 255}], 0, NULL) = 1689
sigreturn()                             = ? (mask now [])
accept(3, {sa_family=AF_INET, sin_port=htons(56193), sin_addr=inet_addr("127.0.0.1")}, [16]) = 4
clone(Process 1691 attached
child_stack=0, flags=CLONE_CHILD_CLEARTID|CLONE_CHILD_SETTID|SIGCHLD, child_tidptr=0xb7e96728) = 1691
[pid  1635] close(4)                    = 0
[pid  1635] accept(3,  <unfinished ...>
[pid  1691] close(3)                    = 0
[pid  1691] dup2(4, 0)                  = 0
[pid  1691] dup2(4, 1)                  = 1
[pid  1691] dup2(4, 2)                  = 2
[pid  1691] time(NULL)                  = 1589215414
[pid  1691] write(0, "T\244\27T", 4)    = 4
[pid  1691] read(0, "1", 1)             = 1
[pid  1691] read(0, "4", 1)             = 1
[pid  1691] read(0, "1", 1)             = 1
[pid  1691] read(0, "0", 1)             = 1
[pid  1691] read(0, "8", 1)             = 1
[pid  1691] read(0, "3", 1)             = 1
[pid  1691] read(0, "5", 1)             = 1
[pid  1691] read(0, "5", 1)             = 1
[pid  1691] read(0, "4", 1)             = 1
[pid  1691] read(0, "0", 1)             = 1
[pid  1691] write(1, "you correctly sent the data", 27) = 27
[pid  1691] write(1, "\n", 1)           = -1 EPIPE (Broken pipe)
[pid  1691] --- SIGPIPE (Broken pipe) @ 0 (0) ---
[pid  1691] exit_group(-1)              = ?
Process 1691 detached
<... accept resumed> 0xbffff7a8, [16])  = ? ERESTARTSYS (To be restarted)
--- SIGCHLD (Child exited) @ 0 (0) ---
wait4(-1, [{WIFEXITED(s) && WEXITSTATUS(s) == 255}], 0, NULL) = 1691
sigreturn()                             = ? (mask now [])
accept(3, {sa_family=AF_INET, sin_port=htons(56194), sin_addr=inet_addr("127.0.0.1")}, [16]) = 4
clone(Process 1693 attached
child_stack=0, flags=CLONE_CHILD_CLEARTID|CLONE_CHILD_SETTID|SIGCHLD, child_tidptr=0xb7e96728) = 1693
[pid  1635] close(4)                    = 0
[pid  1635] accept(3,  <unfinished ...>
[pid  1693] close(3)                    = 0
[pid  1693] dup2(4, 0)                  = 0
[pid  1693] dup2(4, 1)                  = 1
[pid  1693] dup2(4, 2)                  = 2
[pid  1693] time(NULL)                  = 1589215415
[pid  1693] write(0, ">7WB", 4)         = 4
[pid  1693] read(0, "1", 1)             = 1
[pid  1693] read(0, "1", 1)             = 1
[pid  1693] read(0, "1", 1)             = 1
[pid  1693] read(0, "3", 1)             = 1
[pid  1693] read(0, "0", 1)             = 1
[pid  1693] read(0, "1", 1)             = 1
[pid  1693] read(0, "2", 1)             = 1
[pid  1693] read(0, "0", 1)             = 1
[pid  1693] read(0, "3", 1)             = 1
[pid  1693] read(0, "0", 1)             = 1
[pid  1693] write(1, "you correctly sent the data", 27) = 27
[pid  1693] write(1, "\n", 1)           = -1 EPIPE (Broken pipe)
[pid  1693] --- SIGPIPE (Broken pipe) @ 0 (0) ---
[pid  1693] exit_group(-1)              = ?
Process 1693 detached
<... accept resumed> 0xbffff7a8, [16])  = ? ERESTARTSYS (To be restarted)
--- SIGCHLD (Child exited) @ 0 (0) ---
wait4(-1, [{WIFEXITED(s) && WEXITSTATUS(s) == 255}], 0, NULL) = 1693
sigreturn()                             = ? (mask now [])
accept(3, {sa_family=AF_INET, sin_port=htons(56195), sin_addr=inet_addr("127.0.0.1")}, [16]) = 4
clone(Process 1697 attached
child_stack=0, flags=CLONE_CHILD_CLEARTID|CLONE_CHILD_SETTID|SIGCHLD, child_tidptr=0xb7e96728) = 1697
[pid  1635] close(4)                    = 0
[pid  1635] accept(3,  <unfinished ...>
[pid  1697] close(3)                    = 0
[pid  1697] dup2(4, 0)                  = 0
[pid  1697] dup2(4, 1)                  = 1
[pid  1697] dup2(4, 2)                  = 2
[pid  1697] time(NULL)                  = 1589215517
[pid  1697] write(0, "Zc\271\10", 4)    = 4
[pid  1697] read(0, "1", 1)             = 1
[pid  1697] read(0, "4", 1)             = 1
[pid  1697] read(0, "6", 1)             = 1
[pid  1697] read(0, "3", 1)             = 1
[pid  1697] read(0, "6", 1)             = 1
[pid  1697] read(0, "7", 1)             = 1
[pid  1697] read(0, "3", 1)             = 1
[pid  1697] read(0, "2", 1)             = 1
[pid  1697] read(0, "2", 1)             = 1
[pid  1697] read(0, "", 1)              = 0
[pid  1697] write(1, "you correctly sent the data", 27) = 27
[pid  1697] write(1, "\n", 1)           = -1 EPIPE (Broken pipe)
[pid  1697] --- SIGPIPE (Broken pipe) @ 0 (0) ---
[pid  1697] exit_group(-1)              = ?
Process 1697 detached
<... accept resumed> 0xbffff7a8, [16])  = ? ERESTARTSYS (To be restarted)
--- SIGCHLD (Child exited) @ 0 (0) ---
wait4(-1, [{WIFEXITED(s) && WEXITSTATUS(s) == 255}], 0, NULL) = 1697
sigreturn()                             = ? (mask now [])
accept(3, {sa_family=AF_INET, sin_port=htons(56196), sin_addr=inet_addr("127.0.0.1")}, [16]) = 4
clone(Process 1699 attached
child_stack=0, flags=CLONE_CHILD_CLEARTID|CLONE_CHILD_SETTID|SIGCHLD, child_tidptr=0xb7e96728) = 1699
[pid  1635] close(4)                    = 0
[pid  1635] accept(3,  <unfinished ...>
[pid  1699] close(3)                    = 0
[pid  1699] dup2(4, 0)                  = 0
[pid  1699] dup2(4, 1)                  = 1
[pid  1699] dup2(4, 2)                  = 2
[pid  1699] time(NULL)                  = 1589215524
[pid  1699] write(0, "\265\363h\n", 4)  = 4
[pid  1699] read(0, "1", 1)             = 1
[pid  1699] read(0, "7", 1)             = 1
[pid  1699] read(0, "4", 1)             = 1
[pid  1699] read(0, "6", 1)             = 1
[pid  1699] read(0, "5", 1)             = 1
[pid  1699] read(0, "0", 1)             = 1
[pid  1699] read(0, "2", 1)             = 1
[pid  1699] read(0, "9", 1)             = 1
[pid  1699] read(0, "3", 1)             = 1
[pid  1699] read(0, "", 1)              = 0
[pid  1699] write(1, "you correctly sent the data", 27) = 27
[pid  1699] write(1, "\n", 1)           = -1 EPIPE (Broken pipe)
[pid  1699] --- SIGPIPE (Broken pipe) @ 0 (0) ---
[pid  1699] exit_group(-1)              = ?
Process 1699 detached
<... accept resumed> 0xbffff7a8, [16])  = ? ERESTARTSYS (To be restarted)
--- SIGCHLD (Child exited) @ 0 (0) ---
wait4(-1, [{WIFEXITED(s) && WEXITSTATUS(s) == 255}], 0, NULL) = 1699
sigreturn()                             = ? (mask now [])
accept(3, {sa_family=AF_INET, sin_port=htons(56197), sin_addr=inet_addr("127.0.0.1")}, [16]) = 4
clone(Process 1701 attached
child_stack=0, flags=CLONE_CHILD_CLEARTID|CLONE_CHILD_SETTID|SIGCHLD, child_tidptr=0xb7e96728) = 1701
[pid  1635] close(4)                    = 0
[pid  1635] accept(3,  <unfinished ...>
[pid  1701] close(3)                    = 0
[pid  1701] dup2(4, 0)                  = 0
[pid  1701] dup2(4, 1)                  = 1
[pid  1701] dup2(4, 2)                  = 2
[pid  1701] time(NULL)                  = 1589215527
[pid  1701] write(0, "\207\243\365\23", 4) = 4
[pid  1701] read(0, "3", 1)             = 1
[pid  1701] read(0, "3", 1)             = 1
[pid  1701] read(0, "4", 1)             = 1
[pid  1701] read(0, "8", 1)             = 1
[pid  1701] read(0, "6", 1)             = 1
[pid  1701] read(0, "5", 1)             = 1
[pid  1701] read(0, "2", 1)             = 1
[pid  1701] read(0, "8", 1)             = 1
[pid  1701] read(0, "7", 1)             = 1
[pid  1701] read(0, "", 1)              = 0
[pid  1701] write(1, "you correctly sent the data", 27) = 27
[pid  1701] write(1, "\n", 1)           = -1 EPIPE (Broken pipe)
[pid  1701] --- SIGPIPE (Broken pipe) @ 0 (0) ---
[pid  1701] exit_group(-1)              = ?
Process 1701 detached
<... accept resumed> 0xbffff7a8, [16])  = ? ERESTARTSYS (To be restarted)
--- SIGCHLD (Child exited) @ 0 (0) ---
wait4(-1, [{WIFEXITED(s) && WEXITSTATUS(s) == 255}], 0, NULL) = 1701
sigreturn()                             = ? (mask now [])
accept(3, {sa_family=AF_INET, sin_port=htons(56198), sin_addr=inet_addr("127.0.0.1")}, [16]) = 4
clone(Process 1703 attached
child_stack=0, flags=CLONE_CHILD_CLEARTID|CLONE_CHILD_SETTID|SIGCHLD, child_tidptr=0xb7e96728) = 1703
[pid  1635] close(4)                    = 0
[pid  1635] accept(3,  <unfinished ...>
[pid  1703] close(3)                    = 0
[pid  1703] dup2(4, 0)                  = 0
[pid  1703] dup2(4, 1)                  = 1
[pid  1703] dup2(4, 2)                  = 2
[pid  1703] time(NULL)                  = 1589215529
[pid  1703] write(0, ":|\311o", 4)      = 4
[pid  1703] read(0, "1", 1)             = 1
[pid  1703] read(0, "8", 1)             = 1
[pid  1703] read(0, "7", 1)             = 1
[pid  1703] read(0, "5", 1)             = 1
[pid  1703] read(0, "4", 1)             = 1
[pid  1703] read(0, "7", 1)             = 1
[pid  1703] read(0, "5", 1)             = 1
[pid  1703] read(0, "5", 1)             = 1
[pid  1703] read(0, "1", 1)             = 1
[pid  1703] read(0, "4", 1)             = 1
[pid  1703] write(1, "you correctly sent the data", 27) = 27
[pid  1703] write(1, "\n", 1)           = 1
[pid  1703] exit_group(28)              = ?
Process 1703 detached
<... accept resumed> 0xbffff7a8, [16])  = ? ERESTARTSYS (To be restarted)
--- SIGCHLD (Child exited) @ 0 (0) ---
wait4(-1, [{WIFEXITED(s) && WEXITSTATUS(s) == 28}], 0, NULL) = 1703
sigreturn()                             = ? (mask now [])
accept(3,



Terminal 2 ::::


root@protostar:/home/user# netstat -plant
Active Internet connections (servers and established)
Proto Recv-Q Send-Q Local Address           Foreign Address         State       PID/Program name
tcp        0      0 0.0.0.0:56590           0.0.0.0:*               LISTEN      832/rpc.statd   
tcp        0      0 0.0.0.0:111             0.0.0.0:*               LISTEN      820/portmap     
tcp        0      0 0.0.0.0:2993            0.0.0.0:*               LISTEN      1380/final2     
tcp        0      0 0.0.0.0:2994            0.0.0.0:*               LISTEN      1378/final1     
tcp        0      0 0.0.0.0:2995            0.0.0.0:*               LISTEN      1376/final0     
tcp        0      0 0.0.0.0:2996            0.0.0.0:*               LISTEN      1374/net3       
tcp        0      0 0.0.0.0:2997            0.0.0.0:*               LISTEN      1372/net2       
tcp        0      0 0.0.0.0:2998            0.0.0.0:*               LISTEN      1635/net1       
tcp        0      0 0.0.0.0:22              0.0.0.0:*               LISTEN      1450/sshd       
tcp        0      0 127.0.0.1:25            0.0.0.0:*               LISTEN      1349/exim4      
tcp        0      0 192.168.56.102:22       192.168.56.1:44518      ESTABLISHED 1466/sshd: user [pr
tcp        0      0 192.168.56.102:22       192.168.56.1:44520      ESTABLISHED 1553/sshd: user [pr
tcp6       0      0 :::22                   :::*                    LISTEN      1450/sshd       
tcp6       0      0 ::1:25                  :::*                    LISTEN      1349/exim4      
root@protostar:/home/user# nc 127.0.0.1 2998
��Owdsd
you didn't send the data properly                                                                
root@protostar:/home/user# nc 127.0.0.1 2998                                                     
�!�}                                                                                             
you didn't send the data properly                                                                
root@protostar:/home/user#                                                                       
root@protostar:/home/user#                                                                       
root@protostar:/home/user# cd /tmp                                                               
root@protostar:/tmp# 
root@protostar:/tmp# 
root@protostar:/tmp# 
root@protostar:/tmp# 
root@protostar:/tmp# vi net1.py
root@protostar:/tmp# vi net1.py
root@protostar:/tmp# cat net1.py 
import socket

s= socket.socket(socket.AF_INET, socket.SOCK_STREAM)
HOST = "127.0.0.1"
PORT = 2998
s.connect((HOST, PORT))
n = s.recv(4)
print n 
print repr(n)
print n.encode('hex')
root@protostar:/tmp# nc 127.0.0.1 2998
�7R
you didn't send the data properly
root@protostar:/tmp# python net1.py 
x/8o
'x/8o'
782f386f
root@protostar:/tmp# python net1.py 
��9
'\x87\xf0\x059'
87f00539
root@protostar:/tmp# python net1.py 
���T
'\x91\x9c\xaeT'
919cae54
root@protostar:/tmp# python net1.py 
�R�p
'\x9fR\xa2p'
9f52a270
root@protostar:/tmp# vi net1.py
root@protostar:/tmp# python net1.py 
Traceback (most recent call last):
  File "net1.py", line 2, in <module>
    import stuct
ImportError: No module named stuct
root@protostar:/tmp# vi net1.py
root@protostar:/tmp# python net1.py 
zN�>
'zN\xd2>'
7a4ed23e
1053970042
root@protostar:/tmp# python net1.py 
���\
'\xfd\x8b\xb2\\'
fd8bb25c
1555205117
root@protostar:/tmp# python net1.py 
��J
'\xc1\x01\xbeJ'
c101be4a
1253966273
root@protostar:/tmp# python net1.py 
V��8
'V\xa5\x988'
56a59838
949527894
root@protostar:/tmp# python net1.py 
���&
'\x8d\xa6\x85&'
8da68526
646293133
root@protostar:/tmp# python net1.py 
���&
'\x8d\xa6\x85&'
8da68526
646293133
root@protostar:/tmp# python net1.py 
T�T
'T\xa4\x17T'
54a41754
1410835540
root@protostar:/tmp# python net1.py 
>7WB
'>7WB'
3e375742
1113012030
root@protostar:/tmp# vi net1.py
root@protostar:/tmp# python net1.py 
Zc�
'Zc\xb9\x08'
5a63b908
146367322


^CTraceback (most recent call last):
  File "net1.py", line 15, in <module>
    print s.recv(1024)
KeyboardInterrupt
root@protostar:/tmp# python net1.py 
��h

'\xb5\xf3h\n'
b5f3680a
174650293


^CTraceback (most recent call last):
  File "net1.py", line 15, in <module>
    print s.recv(1024)
KeyboardInterrupt
root@protostar:/tmp# python net1.py 
���
'\x87\xa3\xf5\x13'
87a3f513
334865287

^CTraceback (most recent call last):
  File "net1.py", line 15, in <module>
    print s.recv(1024)
KeyboardInterrupt
root@protostar:/tmp# python net1.py 
:|�o
':|\xc9o'
3a7cc96f
1875475514
you correctly sent the data
root@protostar:/tmp# some time it hang it bcz the it want to read data it is slower than the input or nc
bash: some: command not found
root@protostar:/tmp# 
root@protostar:/tmp# 
root@protostar:/tmp# 
