Terminal 1::::

user@protostar:/opt/protostar/bin$ ./net0
user@protostar:/opt/protostar/bin$ ps aux | grep net0
999       1368  0.0  0.0   1532   272 ?        Ss   11:57   0:00 /opt/protostar/bin/net0
user      1511  0.0  0.0   3296   728 pts/0    S+   11:59   0:00 grep net0
user@protostar:/opt/protostar/bin$ strace net0
strace: net0: command not found
user@protostar:/opt/protostar/bin$ net0
bash: net0: command not found
user@protostar:/opt/protostar/bin$ strace ./net0
execve("./net0", ["./net0"], [/* 16 vars */]) = 0
brk(0)                                  = 0x804b000
fcntl64(0, F_GETFD)                     = 0
fcntl64(1, F_GETFD)                     = 0
fcntl64(2, F_GETFD)                     = 0
access("/etc/suid-debug", F_OK)         = -1 ENOENT (No such file or directory)
access("/etc/ld.so.nohwcap", F_OK)      = -1 ENOENT (No such file or directory)
mmap2(NULL, 8192, PROT_READ|PROT_WRITE, MAP_PRIVATE|MAP_ANONYMOUS, -1, 0) = 0xb7fe0000
access("/etc/ld.so.preload", R_OK)      = -1 ENOENT (No such file or directory)
open("/etc/ld.so.cache", O_RDONLY)      = 3
fstat64(3, {st_mode=S_IFREG|0644, st_size=13796, ...}) = 0
mmap2(NULL, 13796, PROT_READ, MAP_PRIVATE, 3, 0) = 0xb7fdc000
close(3)                                = 0
access("/etc/ld.so.nohwcap", F_OK)      = -1 ENOENT (No such file or directory)
open("/lib/libc.so.6", O_RDONLY)        = 3
read(3, "\177ELF\1\1\1\0\0\0\0\0\0\0\0\0\3\0\3\0\1\0\0\0\320m\1\0004\0\0\0"..., 512) = 512
fstat64(3, {st_mode=S_IFREG|0755, st_size=1319176, ...}) = 0
mmap2(NULL, 1329480, PROT_READ|PROT_EXEC, MAP_PRIVATE|MAP_DENYWRITE, 3, 0) = 0xb7e97000
mprotect(0xb7fd5000, 4096, PROT_NONE)   = 0
mmap2(0xb7fd6000, 12288, PROT_READ|PROT_WRITE, MAP_PRIVATE|MAP_FIXED|MAP_DENYWRITE, 3, 0x13e) = 0xb7fd6000
mmap2(0xb7fd9000, 10568, PROT_READ|PROT_WRITE, MAP_PRIVATE|MAP_FIXED|MAP_ANONYMOUS, -1, 0) = 0xb7fd9000
close(3)                                = 0
mmap2(NULL, 4096, PROT_READ|PROT_WRITE, MAP_PRIVATE|MAP_ANONYMOUS, -1, 0) = 0xb7e96000
set_thread_area({entry_number:-1 -> 6, base_addr:0xb7e966c0, limit:1048575, seg_32bit:1, contents:0, read_exec_only:0, limit_in_pages:1, seg_not_present:0, useable:1}) = 0
mprotect(0xb7fd6000, 8192, PROT_READ)   = 0
mprotect(0xb7ffe000, 4096, PROT_READ)   = 0
munmap(0xb7fdc000, 13796)               = 0
rt_sigaction(SIGCHLD, {0x8048dc4, [CHLD], SA_RESTART}, {SIG_DFL, [], 0}, 8) = 0
rt_sigaction(SIGPIPE, {SIG_IGN, [PIPE], SA_RESTART}, {SIG_DFL, [], 0}, 8) = 0
open("/opt/protostar/run/net0.pid", O_RDWR|O_CREAT|O_TRUNC, 0700) = -1 EACCES (Permission denied)
write(2, "background_process: Unable to op"..., 82background_process: Unable to open /opt/protostar/run/net0.pid, Permission denied
) = 82
exit_group(1)                           = ?
user@protostar:/opt/protostar/bin$ 
user@protostar:/opt/protostar/bin$ 
user@protostar:/opt/protostar/bin$ 
user@protostar:/opt/protostar/bin$ 
user@protostar:/opt/protostar/bin$ it use exit but start new process
bash: it: command not found
user@protostar:/opt/protostar/bin$ 
user@protostar:/opt/protostar/bin$ 
user@protostar:/opt/protostar/bin$ strace -h
usage: strace [-dffhiqrtttTvVxx] [-a column] [-e expr] ... [-o file]
              [-p pid] ... [-s strsize] [-u username] [-E var=val] ...
              [command [arg ...]]
   or: strace -c -D [-e expr] ... [-O overhead] [-S sortby] [-E var=val] ...
              [command [arg ...]]
-c -- count time, calls, and errors for each syscall and report summary
-f -- follow forks, -ff -- with output into separate files
-F -- attempt to follow vforks, -h -- print help message
-i -- print instruction pointer at time of syscall
-q -- suppress messages about attaching, detaching, etc.
-r -- print relative timestamp, -t -- absolute timestamp, -tt -- with usecs
-T -- print time spent in each syscall, -V -- print version
-v -- verbose mode: print unabbreviated argv, stat, termio[s], etc. args
-x -- print non-ascii strings in hex, -xx -- print all strings in hex
-a column -- alignment COLUMN for printing syscall results (default 40)
-e expr -- a qualifying expression: option=[!]all or option=[!]val1[,val2]...
   options: trace, abbrev, verbose, raw, signal, read, or write
-o file -- send trace output to FILE instead of stderr
-O overhead -- set overhead for tracing syscalls to OVERHEAD usecs
-p pid -- trace process with process id PID, may be repeated
-D -- run tracer process as a detached grandchild, not as parent
-s strsize -- limit length of print strings to STRSIZE chars (default 32)
-S sortby -- sort syscall counts by: time, calls, name, nothing (default time)
-u username -- run command as username handling setuid and/or setgid
-E var=val -- put var=val in the environment for command
-E var -- remove var from the environment for command
user@protostar:/opt/protostar/bin$ 
user@protostar:/opt/protostar/bin$ 
user@protostar:/opt/protostar/bin$ 
user@protostar:/opt/protostar/bin$ 
user@protostar:/opt/protostar/bin$ strace -f ./net0
execve("./net0", ["./net0"], [/* 16 vars */]) = 0
brk(0)                                  = 0x804b000
fcntl64(0, F_GETFD)                     = 0
fcntl64(1, F_GETFD)                     = 0
fcntl64(2, F_GETFD)                     = 0
access("/etc/suid-debug", F_OK)         = -1 ENOENT (No such file or directory)
access("/etc/ld.so.nohwcap", F_OK)      = -1 ENOENT (No such file or directory)
mmap2(NULL, 8192, PROT_READ|PROT_WRITE, MAP_PRIVATE|MAP_ANONYMOUS, -1, 0) = 0xb7fe0000
access("/etc/ld.so.preload", R_OK)      = -1 ENOENT (No such file or directory)
open("/etc/ld.so.cache", O_RDONLY)      = 3
fstat64(3, {st_mode=S_IFREG|0644, st_size=13796, ...}) = 0
mmap2(NULL, 13796, PROT_READ, MAP_PRIVATE, 3, 0) = 0xb7fdc000
close(3)                                = 0
access("/etc/ld.so.nohwcap", F_OK)      = -1 ENOENT (No such file or directory)
open("/lib/libc.so.6", O_RDONLY)        = 3
read(3, "\177ELF\1\1\1\0\0\0\0\0\0\0\0\0\3\0\3\0\1\0\0\0\320m\1\0004\0\0\0"..., 512) = 512
fstat64(3, {st_mode=S_IFREG|0755, st_size=1319176, ...}) = 0
mmap2(NULL, 1329480, PROT_READ|PROT_EXEC, MAP_PRIVATE|MAP_DENYWRITE, 3, 0) = 0xb7e97000
mprotect(0xb7fd5000, 4096, PROT_NONE)   = 0
mmap2(0xb7fd6000, 12288, PROT_READ|PROT_WRITE, MAP_PRIVATE|MAP_FIXED|MAP_DENYWRITE, 3, 0x13e) = 0xb7fd6000
mmap2(0xb7fd9000, 10568, PROT_READ|PROT_WRITE, MAP_PRIVATE|MAP_FIXED|MAP_ANONYMOUS, -1, 0) = 0xb7fd9000
close(3)                                = 0
mmap2(NULL, 4096, PROT_READ|PROT_WRITE, MAP_PRIVATE|MAP_ANONYMOUS, -1, 0) = 0xb7e96000
set_thread_area({entry_number:-1 -> 6, base_addr:0xb7e966c0, limit:1048575, seg_32bit:1, contents:0, read_exec_only:0, limit_in_pages:1, seg_not_present:0, useable:1}) = 0
mprotect(0xb7fd6000, 8192, PROT_READ)   = 0
mprotect(0xb7ffe000, 4096, PROT_READ)   = 0
munmap(0xb7fdc000, 13796)               = 0
rt_sigaction(SIGCHLD, {0x8048dc4, [CHLD], SA_RESTART}, {SIG_DFL, [], 0}, 8) = 0
rt_sigaction(SIGPIPE, {SIG_IGN, [PIPE], SA_RESTART}, {SIG_DFL, [], 0}, 8) = 0
open("/opt/protostar/run/net0.pid", O_RDWR|O_CREAT|O_TRUNC, 0700) = -1 EACCES (Permission denied)
write(2, "background_process: Unable to op"..., 82background_process: Unable to open /opt/protostar/run/net0.pid, Permission denied
) = 82
exit_group(1)                           = ?
user@protostar:/opt/protostar/bin$ strace -F ./net0
execve("./net0", ["./net0"], [/* 16 vars */]) = 0
brk(0)                                  = 0x804b000
fcntl64(0, F_GETFD)                     = 0
fcntl64(1, F_GETFD)                     = 0
fcntl64(2, F_GETFD)                     = 0
access("/etc/suid-debug", F_OK)         = -1 ENOENT (No such file or directory)
access("/etc/ld.so.nohwcap", F_OK)      = -1 ENOENT (No such file or directory)
mmap2(NULL, 8192, PROT_READ|PROT_WRITE, MAP_PRIVATE|MAP_ANONYMOUS, -1, 0) = 0xb7fe0000
access("/etc/ld.so.preload", R_OK)      = -1 ENOENT (No such file or directory)
open("/etc/ld.so.cache", O_RDONLY)      = 3
fstat64(3, {st_mode=S_IFREG|0644, st_size=13796, ...}) = 0
mmap2(NULL, 13796, PROT_READ, MAP_PRIVATE, 3, 0) = 0xb7fdc000
close(3)                                = 0
access("/etc/ld.so.nohwcap", F_OK)      = -1 ENOENT (No such file or directory)
open("/lib/libc.so.6", O_RDONLY)        = 3
read(3, "\177ELF\1\1\1\0\0\0\0\0\0\0\0\0\3\0\3\0\1\0\0\0\320m\1\0004\0\0\0"..., 512) = 512
fstat64(3, {st_mode=S_IFREG|0755, st_size=1319176, ...}) = 0
mmap2(NULL, 1329480, PROT_READ|PROT_EXEC, MAP_PRIVATE|MAP_DENYWRITE, 3, 0) = 0xb7e97000
mprotect(0xb7fd5000, 4096, PROT_NONE)   = 0
mmap2(0xb7fd6000, 12288, PROT_READ|PROT_WRITE, MAP_PRIVATE|MAP_FIXED|MAP_DENYWRITE, 3, 0x13e) = 0xb7fd6000
mmap2(0xb7fd9000, 10568, PROT_READ|PROT_WRITE, MAP_PRIVATE|MAP_FIXED|MAP_ANONYMOUS, -1, 0) = 0xb7fd9000
close(3)                                = 0
mmap2(NULL, 4096, PROT_READ|PROT_WRITE, MAP_PRIVATE|MAP_ANONYMOUS, -1, 0) = 0xb7e96000
set_thread_area({entry_number:-1 -> 6, base_addr:0xb7e966c0, limit:1048575, seg_32bit:1, contents:0, read_exec_only:0, limit_in_pages:1, seg_not_present:0, useable:1}) = 0
mprotect(0xb7fd6000, 8192, PROT_READ)   = 0
mprotect(0xb7ffe000, 4096, PROT_READ)   = 0
munmap(0xb7fdc000, 13796)               = 0
rt_sigaction(SIGCHLD, {0x8048dc4, [CHLD], SA_RESTART}, {SIG_DFL, [], 0}, 8) = 0
rt_sigaction(SIGPIPE, {SIG_IGN, [PIPE], SA_RESTART}, {SIG_DFL, [], 0}, 8) = 0
open("/opt/protostar/run/net0.pid", O_RDWR|O_CREAT|O_TRUNC, 0700) = -1 EACCES (Permission denied)
write(2, "background_process: Unable to op"..., 82background_process: Unable to open /opt/protostar/run/net0.pid, Permission denied
) = 82
exit_group(1)                           = ?
user@protostar:/opt/protostar/bin$ 
user@protostar:/opt/protostar/bin$ 
user@protostar:/opt/protostar/bin$ 
user@protostar:/opt/protostar/bin$ write(2, "background_process: Unable to op"..., 82background_process: Unable to open /opt/protostar/run/net0.pid, Permission denied
bash: syntax error near unexpected token `2,'
user@protostar:/opt/protostar/bin$ so run as root
bash: so: command not found
user@protostar:/opt/protostar/bin$ su
Password: 
su: Authentication failure
user@protostar:/opt/protostar/bin$ su
Password: 
root@protostar:/opt/protostar/bin# password is godmode
bash: password: command not found
root@protostar:/opt/protostar/bin# 
root@protostar:/opt/protostar/bin# ./net0
root@protostar:/opt/protostar/bin# ps aux | grep net0
999       1368  0.0  0.0   1532   272 ?        Ss   11:57   0:00 /opt/protostar/bin/net0
root      1535  0.0  0.0   3300   732 pts/0    S+   12:04   0:00 grep net0
root@protostar:/opt/protostar/bin# strace ./net0
execve("./net0", ["./net0"], [/* 15 vars */]) = 0
brk(0)                                  = 0x804b000
access("/etc/ld.so.nohwcap", F_OK)      = -1 ENOENT (No such file or directory)
mmap2(NULL, 8192, PROT_READ|PROT_WRITE, MAP_PRIVATE|MAP_ANONYMOUS, -1, 0) = 0xb7fe0000
access("/etc/ld.so.preload", R_OK)      = -1 ENOENT (No such file or directory)
open("/etc/ld.so.cache", O_RDONLY)      = 3
fstat64(3, {st_mode=S_IFREG|0644, st_size=13796, ...}) = 0
mmap2(NULL, 13796, PROT_READ, MAP_PRIVATE, 3, 0) = 0xb7fdc000
close(3)                                = 0
access("/etc/ld.so.nohwcap", F_OK)      = -1 ENOENT (No such file or directory)
open("/lib/libc.so.6", O_RDONLY)        = 3
read(3, "\177ELF\1\1\1\0\0\0\0\0\0\0\0\0\3\0\3\0\1\0\0\0\320m\1\0004\0\0\0"..., 512) = 512
fstat64(3, {st_mode=S_IFREG|0755, st_size=1319176, ...}) = 0
mmap2(NULL, 1329480, PROT_READ|PROT_EXEC, MAP_PRIVATE|MAP_DENYWRITE, 3, 0) = 0xb7e97000
mprotect(0xb7fd5000, 4096, PROT_NONE)   = 0
mmap2(0xb7fd6000, 12288, PROT_READ|PROT_WRITE, MAP_PRIVATE|MAP_FIXED|MAP_DENYWRITE, 3, 0x13e) = 0xb7fd6000
mmap2(0xb7fd9000, 10568, PROT_READ|PROT_WRITE, MAP_PRIVATE|MAP_FIXED|MAP_ANONYMOUS, -1, 0) = 0xb7fd9000
close(3)                                = 0
mmap2(NULL, 4096, PROT_READ|PROT_WRITE, MAP_PRIVATE|MAP_ANONYMOUS, -1, 0) = 0xb7e96000
set_thread_area({entry_number:-1 -> 6, base_addr:0xb7e966c0, limit:1048575, seg_32bit:1, contents:0, read_exec_only:0, limit_in_pages:1, seg_not_present:0, useable:1}) = 0
mprotect(0xb7fd6000, 8192, PROT_READ)   = 0
mprotect(0xb7ffe000, 4096, PROT_READ)   = 0
munmap(0xb7fdc000, 13796)               = 0
rt_sigaction(SIGCHLD, {0x8048dc4, [CHLD], SA_RESTART}, {SIG_DFL, [], 0}, 8) = 0
rt_sigaction(SIGPIPE, {SIG_IGN, [PIPE], SA_RESTART}, {SIG_DFL, [], 0}, 8) = 0
open("/opt/protostar/run/net0.pid", O_RDWR|O_CREAT|O_TRUNC, 0700) = 3
setgroups32(1, [999])                   = 0
setresgid32(999, 999, 999)              = 0
setresuid32(999, 999, 999)              = 0
clone(child_stack=0, flags=CLONE_CHILD_CLEARTID|CLONE_CHILD_SETTID|SIGCHLD, child_tidptr=0xb7e96728) = 1538
exit_group(0)                           = ?
root@protostar:/opt/protostar/bin# 
root@protostar:/opt/protostar/bin# 
root@protostar:/opt/protostar/bin# 
root@protostar:/opt/protostar/bin# clone(child_stack=0, flags=CLONE_CHILD_CLEARTID|CLONE_CHILD_SETTID|SIGCHLD, child_tidptr=0xb7e96728) = 1538
bash: syntax error near unexpected token `child_stack=0,'
root@protostar:/opt/protostar/bin# it is clone or fork the back-- process
bash: it: command not found
root@protostar:/opt/protostar/bin# 
root@protostar:/opt/protostar/bin# let's follow that process
> ^C
root@protostar:/opt/protostar/bin# 
root@protostar:/opt/protostar/bin# 
root@protostar:/opt/protostar/bin# 
root@protostar:/opt/protostar/bin# strace -f ./net0
execve("./net0", ["./net0"], [/* 15 vars */]) = 0
brk(0)                                  = 0x804b000
access("/etc/ld.so.nohwcap", F_OK)      = -1 ENOENT (No such file or directory)
mmap2(NULL, 8192, PROT_READ|PROT_WRITE, MAP_PRIVATE|MAP_ANONYMOUS, -1, 0) = 0xb7fe0000
access("/etc/ld.so.preload", R_OK)      = -1 ENOENT (No such file or directory)
open("/etc/ld.so.cache", O_RDONLY)      = 3
fstat64(3, {st_mode=S_IFREG|0644, st_size=13796, ...}) = 0
mmap2(NULL, 13796, PROT_READ, MAP_PRIVATE, 3, 0) = 0xb7fdc000
close(3)                                = 0
access("/etc/ld.so.nohwcap", F_OK)      = -1 ENOENT (No such file or directory)
open("/lib/libc.so.6", O_RDONLY)        = 3
read(3, "\177ELF\1\1\1\0\0\0\0\0\0\0\0\0\3\0\3\0\1\0\0\0\320m\1\0004\0\0\0"..., 512) = 512
fstat64(3, {st_mode=S_IFREG|0755, st_size=1319176, ...}) = 0
mmap2(NULL, 1329480, PROT_READ|PROT_EXEC, MAP_PRIVATE|MAP_DENYWRITE, 3, 0) = 0xb7e97000
mprotect(0xb7fd5000, 4096, PROT_NONE)   = 0
mmap2(0xb7fd6000, 12288, PROT_READ|PROT_WRITE, MAP_PRIVATE|MAP_FIXED|MAP_DENYWRITE, 3, 0x13e) = 0xb7fd6000
mmap2(0xb7fd9000, 10568, PROT_READ|PROT_WRITE, MAP_PRIVATE|MAP_FIXED|MAP_ANONYMOUS, -1, 0) = 0xb7fd9000
close(3)                                = 0
mmap2(NULL, 4096, PROT_READ|PROT_WRITE, MAP_PRIVATE|MAP_ANONYMOUS, -1, 0) = 0xb7e96000
set_thread_area({entry_number:-1 -> 6, base_addr:0xb7e966c0, limit:1048575, seg_32bit:1, contents:0, read_exec_only:0, limit_in_pages:1, seg_not_present:0, useable:1}) = 0
mprotect(0xb7fd6000, 8192, PROT_READ)   = 0
mprotect(0xb7ffe000, 4096, PROT_READ)   = 0
munmap(0xb7fdc000, 13796)               = 0
rt_sigaction(SIGCHLD, {0x8048dc4, [CHLD], SA_RESTART}, {SIG_DFL, [], 0}, 8) = 0
rt_sigaction(SIGPIPE, {SIG_IGN, [PIPE], SA_RESTART}, {SIG_DFL, [], 0}, 8) = 0
open("/opt/protostar/run/net0.pid", O_RDWR|O_CREAT|O_TRUNC, 0700) = 3
setgroups32(1, [999])                   = 0
setresgid32(999, 999, 999)              = 0
setresuid32(999, 999, 999)              = 0
clone(Process 1542 attached
child_stack=0, flags=CLONE_CHILD_CLEARTID|CLONE_CHILD_SETTID|SIGCHLD, child_tidptr=0xb7e96728) = 1542
[pid  1541] exit_group(0)               = ?
setsid()                                = 1542
chdir("/")                              = 0
open("/dev/null", O_RDWR)               = 4
fstat64(4, {st_mode=S_IFCHR|0666, st_rdev=makedev(1, 3), ...}) = 0
dup2(4, 0)                              = 0
dup2(4, 1)                              = 1
dup2(4, 2)                              = 2
close(4)                                = 0
write(3, "1542\n", 5)                   = 5
close(3)                                = 0
socket(PF_INET, SOCK_STREAM, IPPROTO_IP) = 3
setsockopt(3, SOL_SOCKET, SO_REUSEADDR, [1], 4) = 0
bind(3, {sa_family=AF_INET, sin_port=htons(2999), sin_addr=inet_addr("0.0.0.0")}, 16) = -1 EADDRINUSE (Address already in use)
write(2, "serve_forever: unable to bind():"..., 56) = 56
exit_group(6)                           = ?
Process 1542 detached
root@protostar:/opt/protostar/bin# 
root@protostar:/opt/protostar/bin# 
root@protostar:/opt/protostar/bin# it using socket for connection
bash: it: command not found
root@protostar:/opt/protostar/bin# 
root@protostar:/opt/protostar/bin# bind(3, {sa_family=AF_INET, sin_port=htons(2999), sin_addr=inet_addr("0.0.0.0")}, 16) = -1 EADDRINUSE (Address already in use)
bash: syntax error near unexpected token `3,'
root@protostar:/opt/protostar/bin# this is bcz before we ru that process
bash: this: command not found
root@protostar:/opt/protostar/bin# 
root@protostar:/opt/protostar/bin# killall net0
root@protostar:/opt/protostar/bin# strace -f ./net0
execve("./net0", ["./net0"], [/* 15 vars */]) = 0
brk(0)                                  = 0x804b000
access("/etc/ld.so.nohwcap", F_OK)      = -1 ENOENT (No such file or directory)
mmap2(NULL, 8192, PROT_READ|PROT_WRITE, MAP_PRIVATE|MAP_ANONYMOUS, -1, 0) = 0xb7fe0000
access("/etc/ld.so.preload", R_OK)      = -1 ENOENT (No such file or directory)
open("/etc/ld.so.cache", O_RDONLY)      = 3
fstat64(3, {st_mode=S_IFREG|0644, st_size=13796, ...}) = 0
mmap2(NULL, 13796, PROT_READ, MAP_PRIVATE, 3, 0) = 0xb7fdc000
close(3)                                = 0
access("/etc/ld.so.nohwcap", F_OK)      = -1 ENOENT (No such file or directory)
open("/lib/libc.so.6", O_RDONLY)        = 3
read(3, "\177ELF\1\1\1\0\0\0\0\0\0\0\0\0\3\0\3\0\1\0\0\0\320m\1\0004\0\0\0"..., 512) = 512
fstat64(3, {st_mode=S_IFREG|0755, st_size=1319176, ...}) = 0
mmap2(NULL, 1329480, PROT_READ|PROT_EXEC, MAP_PRIVATE|MAP_DENYWRITE, 3, 0) = 0xb7e97000
mprotect(0xb7fd5000, 4096, PROT_NONE)   = 0
mmap2(0xb7fd6000, 12288, PROT_READ|PROT_WRITE, MAP_PRIVATE|MAP_FIXED|MAP_DENYWRITE, 3, 0x13e) = 0xb7fd6000
mmap2(0xb7fd9000, 10568, PROT_READ|PROT_WRITE, MAP_PRIVATE|MAP_FIXED|MAP_ANONYMOUS, -1, 0) = 0xb7fd9000
close(3)                                = 0
mmap2(NULL, 4096, PROT_READ|PROT_WRITE, MAP_PRIVATE|MAP_ANONYMOUS, -1, 0) = 0xb7e96000
set_thread_area({entry_number:-1 -> 6, base_addr:0xb7e966c0, limit:1048575, seg_32bit:1, contents:0, read_exec_only:0, limit_in_pages:1, seg_not_present:0, useable:1}) = 0
mprotect(0xb7fd6000, 8192, PROT_READ)   = 0
mprotect(0xb7ffe000, 4096, PROT_READ)   = 0
munmap(0xb7fdc000, 13796)               = 0
rt_sigaction(SIGCHLD, {0x8048dc4, [CHLD], SA_RESTART}, {SIG_DFL, [], 0}, 8) = 0
rt_sigaction(SIGPIPE, {SIG_IGN, [PIPE], SA_RESTART}, {SIG_DFL, [], 0}, 8) = 0
open("/opt/protostar/run/net0.pid", O_RDWR|O_CREAT|O_TRUNC, 0700) = 3
setgroups32(1, [999])                   = 0
setresgid32(999, 999, 999)              = 0
setresuid32(999, 999, 999)              = 0
clone(Process 1552 attached
child_stack=0, flags=CLONE_CHILD_CLEARTID|CLONE_CHILD_SETTID|SIGCHLD, child_tidptr=0xb7e96728) = 1552
[pid  1551] exit_group(0)               = ?
setsid()                                = 1552
chdir("/")                              = 0
open("/dev/null", O_RDWR)               = 4
fstat64(4, {st_mode=S_IFCHR|0666, st_rdev=makedev(1, 3), ...}) = 0
dup2(4, 0)                              = 0
dup2(4, 1)                              = 1
dup2(4, 2)                              = 2
close(4)                                = 0
write(3, "1552\n", 5)                   = 5
close(3)                                = 0
socket(PF_INET, SOCK_STREAM, IPPROTO_IP) = 3
setsockopt(3, SOL_SOCKET, SO_REUSEADDR, [1], 4) = 0
bind(3, {sa_family=AF_INET, sin_port=htons(2999), sin_addr=inet_addr("0.0.0.0")}, 16) = 0
listen(3, 10)                           = 0
accept(3, {sa_family=AF_INET, sin_port=htons(33342), sin_addr=inet_addr("127.0.0.1")}, [16]) = 4
clone(Process 1580 attached
child_stack=0, flags=CLONE_CHILD_CLEARTID|CLONE_CHILD_SETTID|SIGCHLD, child_tidptr=0xb7e96728) = 1580
[pid  1552] close(4)                    = 0
[pid  1552] accept(3,  <unfinished ...>
[pid  1580] close(3)                    = 0
[pid  1580] dup2(4, 0)                  = 0
[pid  1580] dup2(4, 1)                  = 1
[pid  1580] dup2(4, 2)                  = 2
[pid  1580] time(NULL)                  = 1589213447
[pid  1580] write(1, "Please send '1561438278' as a li"..., 54) = 54
[pid  1580] read(0, "1561", 4)          = 4
[pid  1580] write(1, "I'm sorry, you sent 825636145 in"..., 38) = 38
[pid  1580] exit_group(38)              = ?
Process 1580 detached
<... accept resumed> 0xbffff7a8, [16])  = ? ERESTARTSYS (To be restarted)
--- SIGCHLD (Child exited) @ 0 (0) ---
wait4(-1, [{WIFEXITED(s) && WEXITSTATUS(s) == 38}], 0, NULL) = 1580
sigreturn()                             = ? (mask now [])
accept(3, {sa_family=AF_INET, sin_port=htons(33343), sin_addr=inet_addr("127.0.0.1")}, [16]) = 4
clone(Process 1586 attached
child_stack=0, flags=CLONE_CHILD_CLEARTID|CLONE_CHILD_SETTID|SIGCHLD, child_tidptr=0xb7e96728) = 1586
[pid  1552] close(4)                    = 0
[pid  1552] accept(3,  <unfinished ...>
[pid  1586] close(3)                    = 0
[pid  1586] dup2(4, 0)                  = 0
[pid  1586] dup2(4, 1)                  = 1
[pid  1586] dup2(4, 2)                  = 2
[pid  1586] time(NULL)                  = 1589213671
[pid  1586] write(1, "Please send '1076811659' as a li"..., 54) = 54
[pid  1586] read(0, "\\x8b", 4)         = 4
[pid  1586] write(1, "I'm sorry, you sent 1647867996 i"..., 39) = 39
[pid  1586] exit_group(39)              = ?
Process 1586 detached
<... accept resumed> 0xbffff7a8, [16])  = ? ERESTARTSYS (To be restarted)
--- SIGCHLD (Child exited) @ 0 (0) ---
wait4(-1, [{WIFEXITED(s) && WEXITSTATUS(s) == 39}], 0, NULL) = 1586
sigreturn()                             = ? (mask now [])
accept(3, {sa_family=AF_INET, sin_port=htons(33344), sin_addr=inet_addr("127.0.0.1")}, [16]) = 4
clone(Process 1595 attached
child_stack=0, flags=CLONE_CHILD_CLEARTID|CLONE_CHILD_SETTID|SIGCHLD, child_tidptr=0xb7e96728) = 1595
[pid  1552] close(4)                    = 0
[pid  1552] accept(3,  <unfinished ...>
[pid  1595] close(3)                    = 0
[pid  1595] dup2(4, 0)                  = 0
[pid  1595] dup2(4, 1)                  = 1
[pid  1595] dup2(4, 2)                  = 2
[pid  1595] time(NULL)                  = 1589213887
[pid  1595] write(1, "Please send '1960592453' as a li"..., 54) = 54
[pid  1595] read(0, "ED\334t", 4)       = 4
[pid  1595] write(1, "Thank you sir/madam", 19) = 19
[pid  1595] write(1, "\n", 1)           = 1
[pid  1595] exit_group(20)              = ?
Process 1595 detached
<... accept resumed> 0xbffff7a8, [16])  = ? ERESTARTSYS (To be restarted)
--- SIGCHLD (Child exited) @ 0 (0) ---
wait4(-1, [{WIFEXITED(s) && WEXITSTATUS(s) == 20}], 0, NULL) = 1595
sigreturn()                             = ? (mask now [])
accept(3, 


===================================================================================================================
Terminal 2:::


ssh user@192.168.56.102


    PPPP  RRRR   OOO  TTTTT  OOO   SSSS TTTTT   A   RRRR  
    P   P R   R O   O   T   O   O S       T    A A  R   R 
    PPPP  RRRR  O   O   T   O   O  SSS    T   AAAAA RRRR  
    P     R  R  O   O   T   O   O     S   T   A   A R  R  
    P     R   R  OOO    T    OOO  SSSS    T   A   A R   R 

          http://exploit-exercises.com/protostar                                                 

Welcome to Protostar. To log in, you may use the user / user account.
When you need to use the root account, you can login as root / godmode.

For level descriptions / further help, please see the above url.

user@192.168.56.102's password: 
Linux (none) 2.6.32-5-686 #1 SMP Mon Oct 3 04:15:24 UTC 2011 i686

The programs included with the Debian GNU/Linux system are free software;
the exact distribution terms for each program are described in the
individual files in /usr/share/doc/*/copyright.

Debian GNU/Linux comes with ABSOLUTELY NO WARRANTY, to the extent
permitted by applicable law.
Last login: Mon May 11 11:58:21 2020 from 192.168.56.1
$ /bin/bash
user@protostar:~$ netstat -plant
(No info could be read for "-p": geteuid()=1001 but you should be root.)
Active Internet connections (servers and established)
Proto Recv-Q Send-Q Local Address           Foreign Address         State       PID/Program name
tcp        0      0 0.0.0.0:56590           0.0.0.0:*               LISTEN      -               
tcp        0      0 0.0.0.0:111             0.0.0.0:*               LISTEN      -               
tcp        0      0 0.0.0.0:2993            0.0.0.0:*               LISTEN      -                                                                                                     
tcp        0      0 0.0.0.0:2994            0.0.0.0:*               LISTEN      -                                                                                                     
tcp        0      0 0.0.0.0:2995            0.0.0.0:*               LISTEN      -                                                                                                     
tcp        0      0 0.0.0.0:2996            0.0.0.0:*               LISTEN      -               
tcp        0      0 0.0.0.0:2997            0.0.0.0:*               LISTEN      -               
tcp        0      0 0.0.0.0:22              0.0.0.0:*               LISTEN      -               
tcp        0      0 0.0.0.0:2998            0.0.0.0:*               LISTEN      -               
tcp        0      0 0.0.0.0:2999            0.0.0.0:*               LISTEN      -               
tcp        0      0 127.0.0.1:25            0.0.0.0:*               LISTEN      -               
tcp        0      0 192.168.56.102:22       192.168.56.1:44518      ESTABLISHED -               
tcp        0      0 192.168.56.102:22       192.168.56.1:44520      ESTABLISHED -               
tcp6       0      0 :::22                   :::*                    LISTEN      -               
tcp6       0      0 ::1:25                  :::*                    LISTEN      -               
user@protostar:~$ nc 127.0.0.1 2999
Please send '1561438278' as a little endian 32bit int
1561438278
I'm sorry, you sent 825636145 instead
user@protostar:~$ 
user@protostar:~$ 
user@protostar:~$ 
user@protostar:~$ 
user@protostar:~$ it like run() run for forever or all client
bash: syntax error near unexpected token `('
user@protostar:~$ 
user@protostar:~$ 
user@protostar:~$ 
user@protostar:~$ 
user@protostar:~$ nc 127.0.0.1 2999
Please send '1076811659' as a little endian 32bit int
\x8b\xd7.@
I'm sorry, you sent 1647867996 instead
user@protostar:~$  cat -
id
id
yoo
yoo
^C
user@protostar:~$ echo -e "`cat -`" |  nc 127.0.0.1 2999
Please send '1960592453' as a little endian 32bit int
ED\xdct
ctrl + d               <<<<<<<<<< it is for close the current process ctrl + c it close all process
Thank you sir/madam
user@protostar:~$ 


=========================================================================================================================
Terminal 3::

python
Python 2.7.18 (default, Apr 20 2020, 20:30:41) 
[GCC 9.3.0] on linux2
Type "help", "copyright", "credits" or "license" for more information.
>>> import struct
>>> struct.pack("I",1076811659)
'\x8b\xd7.@'
>>> struct.pack("I",1960592453)
'ED\xdct'
>>>

